// Jest Snapshot v1, https://goo.gl/fbAQLP

exports[`DownloadImgModal.vue download snapshot 1`] = ``;
