// Jest Snapshot v1, https://goo.gl/fbAQLP

exports[`Header.vue header snapshot 1`] = `
<div>
  <div class="ant-page-header has-footer ant-page-header-ghost" style="background-color: white; border: 1px solid rgb(235, 237, 240);">
    <div class="ant-page-header-heading">
      <div class="ant-page-header-back">
        <div role="button" tabindex="0" style="border: 0px; background: transparent; padding: 0px; line-height: inherit; display: inline-block;" aria-label="Back" class="ant-page-header-back-button"><i aria-label="icon: arrow-left" class="anticon anticon-arrow-left"><svg viewBox="64 64 896 896" data-icon="arrow-left" width="1em" height="1em" fill="currentColor" aria-hidden="true" focusable="false" class="">
              <path d="M872 474H286.9l350.2-304c5.6-4.9 2.2-14-5.2-14h-88.5c-3.9 0-7.6 1.4-10.5 3.9L155 487.8a31.96 31.96 0 0 0 0 48.3L535.1 866c1.5 1.3 3.3 2 5.2 2h91.5c7.4 0 10.8-9.2 5.2-14L286.9 550H872c4.4 0 8-3.6 8-8v-60c0-4.4-3.6-8-8-8z"></path>
            </svg></i></div>
      </div><span class="ant-page-header-heading-title">编辑图谱</span><span class="ant-page-header-heading-extra"><button type="button" class="ant-btn ant-btn-primary" style="margin-right: 10px;"><span>保 存</span></button> <button type="button" class="ant-btn ant-btn-primary ant-dropdown-trigger" style="margin-left: 8px;"><span>下载</span><i aria-label="icon: down" class="anticon anticon-down"><svg viewBox="64 64 896 896" data-icon="down" width="1em" height="1em" fill="currentColor" aria-hidden="true" focusable="false" class="">
            <path d="M884 256h-75c-5.1 0-9.9 2.5-12.9 6.6L512 654.2 227.9 262.6c-3-4.1-7.8-6.6-12.9-6.6h-75c-6.5 0-10.3 7.4-6.5 12.7l352.6 486.1c12.8 17.6 39 17.6 51.7 0l352.6-486.1c3.9-5.3.1-12.7-6.4-12.7z"></path>
          </svg></i></button></span>
    </div>
    <div class="ant-page-header-content"> </div>
    <div class="ant-page-header-footer">
      <div class="ant-tabs ant-tabs-top ant-tabs-line">
        <div role="tablist" tabindex="0" class="ant-tabs-bar ant-tabs-top-bar">
          <div class="ant-tabs-nav-container"><span unselectable="unselectable" class="ant-tabs-tab-prev ant-tabs-tab-btn-disabled"><span class="ant-tabs-tab-prev-icon"><i aria-label="icon: left" class="anticon anticon-left ant-tabs-tab-prev-icon-target"><svg viewBox="64 64 896 896" data-icon="left" width="1em" height="1em" fill="currentColor" aria-hidden="true" focusable="false" class=""><path d="M724 218.3V141c0-6.7-7.7-10.4-12.9-6.3L260.3 486.8a31.86 31.86 0 0 0 0 50.3l450.8 352.1c5.3 4.1 12.9.4 12.9-6.3v-77.3c0-4.9-2.3-9.6-6.1-12.6l-360-281 360-281.1c3.8-3 6.1-7.7 6.1-12.6z"></path></svg></i></span></span><span unselectable="unselectable" class="ant-tabs-tab-next ant-tabs-tab-btn-disabled"><span class="ant-tabs-tab-next-icon"><i aria-label="icon: right" class="anticon anticon-right ant-tabs-tab-next-icon-target"><svg viewBox="64 64 896 896" data-icon="right" width="1em" height="1em" fill="currentColor" aria-hidden="true" focusable="false" class=""><path d="M765.7 486.8L314.9 134.7A7.97 7.97 0 0 0 302 141v77.3c0 4.9 2.3 9.6 6.1 12.6l360 281.1-360 281.1c-3.9 3-6.1 7.7-6.1 12.6V883c0 6.7 7.7 10.4 12.9 6.3l450.8-352.1a31.96 31.96 0 0 0 0-50.4z"></path></svg></i></span></span>
            <div class="ant-tabs-nav-wrap">
              <div class="ant-tabs-nav-scroll">
                <div class="ant-tabs-nav ant-tabs-nav-animated">
                  <div>
                    <div role="tab" aria-disabled="false" aria-selected="true" class="ant-tabs-tab-active ant-tabs-tab">排版模式</div>
                    <div role="tab" aria-disabled="false" aria-selected="false" class=" ant-tabs-tab">力引导模式</div>
                  </div>
                  <div class="ant-tabs-ink-bar ant-tabs-ink-bar-animated" style="display: block; transform: translate3d(0px,0,0); webkit-transform: translate3d(0px,0,0); width: 0px;"></div>
                </div>
              </div>
            </div>
          </div>
        </div>
        <div tabindex="0" role="presentation" style="width: 0px; height: 0px; overflow: hidden; position: absolute;"></div>
        <div class="ant-tabs-content ant-tabs-content-animated ant-tabs-top-content" style="margin-left: 0%;">
          <div role="tabpanel" aria-hidden="false" class="ant-tabs-tabpane ant-tabs-tabpane-active">
            <div tabindex="0" role="presentation" style="width: 0px; height: 0px; overflow: hidden; position: absolute;"></div>
            <div tabindex="0" role="presentation" style="width: 0px; height: 0px; overflow: hidden; position: absolute;"></div>
          </div>
          <div role="tabpanel" aria-hidden="true" class="ant-tabs-tabpane ant-tabs-tabpane-inactive"></div>
        </div>
        <div tabindex="0" role="presentation" style="width: 0px; height: 0px; overflow: hidden; position: absolute;"></div>
      </div>
    </div>
  </div>
</div>
`;
