// Jest Snapshot v1, https://goo.gl/fbAQLP

exports[`LayoutBlock layoutBlock snapshot 1`] = `
<div class="block">
  <div style="width: 100%; display: none;">
    <div class="ant-row-flex ant-row-flex-space-between ant-row-flex-middle">
      <div class="ant-col ant-col-xs-24 ant-col-sm-24 ant-col-md-7 ant-col-lg-7 ant-col-xl-7"><span class="label">当前布局</span></div>
      <div class="ant-col ant-col-xs-24 ant-col-sm-24 ant-col-md-16 ant-col-lg-16 ant-col-xl-16"><span class="title">力引导布局</span></div>
    </div>
    <div class="ant-row-flex ant-row-flex-space-between ant-row-flex-middle">
      <div class="ant-col ant-col-xs-24 ant-col-sm-24 ant-col-md-7 ant-col-lg-7 ant-col-xl-7"><span class="label">作用力</span></div>
      <div class="ant-col ant-col-xs-24 ant-col-sm-24 ant-col-md-6 ant-col-lg-8 ant-col-xl-8">
        <div tabindex="-1" class="slider ant-slider">
          <div class="ant-slider-rail"></div>
          <div class="ant-slider-track" style="left: 0%; width: 55.00000000000001%;"></div>
          <div class="ant-slider-step"></div>
          <div role="slider" tabindex="0" aria-valuemin="-10" aria-valuemax="10" aria-valuenow="1" class="ant-slider-handle" style="left: 55.00000000000001%; transform: translateX(-50%);"></div>
          <div class="ant-slider-mark"></div>
        </div>
      </div>
      <div class="ant-col ant-col-xs-0 ant-col-sm-0 ant-col-md-10 ant-col-lg-8 ant-col-xl-8">
        <div class="ant-input-number">
          <div class="ant-input-number-handler-wrap"><span class="ant-input-number-handler ant-input-number-handler-up " unselectable="unselectable" role="button" aria-label="Increase Value"><i aria-label="icon: up" class="anticon anticon-up ant-input-number-handler-up-inner"><svg viewBox="64 64 896 896" data-icon="up" width="1em" height="1em" fill="currentColor" aria-hidden="true" focusable="false" class=""><path d="M890.5 755.3L537.9 269.2c-12.8-17.6-39-17.6-51.7 0L133.5 755.3A8 8 0 0 0 140 768h75c5.1 0 9.9-2.5 12.9-6.6L512 369.8l284.1 391.6c3 4.1 7.8 6.6 12.9 6.6h75c6.5 0 10.3-7.4 6.5-12.7z"></path></svg></i></span><span class="ant-input-number-handler ant-input-number-handler-down " unselectable="unselectable" role="button" aria-label="Decrease Value"><i aria-label="icon: down" class="anticon anticon-down ant-input-number-handler-down-inner"><svg viewBox="64 64 896 896" data-icon="down" width="1em" height="1em" fill="currentColor" aria-hidden="true" focusable="false" class=""><path d="M884 256h-75c-5.1 0-9.9 2.5-12.9 6.6L512 654.2 227.9 262.6c-3-4.1-7.8-6.6-12.9-6.6h-75c-6.5 0-10.3 7.4-6.5 12.7l352.6 486.1c12.8 17.6 39 17.6 51.7 0l352.6-486.1c3.9-5.3.1-12.7-6.4-12.7z"></path></svg></i></span></div>
          <div class="ant-input-number-input-wrap"><input role="spinbutton" aria-valuemin="-10" aria-valuemax="10" aria-valuenow="1" autocomplete="off" max="10" min="-10" step="1" class="ant-input-number-input"></div>
        </div>
      </div>
    </div>
  </div>
  <div style="width: 100%;">
    <div><span class="margin-right-s label">
                布局
            </span>
      <div tabindex="0" class="ant-select ant-select-enabled" style="width: 85%;">
        <div role="combobox" aria-autocomplete="list" aria-haspopup="true" aria-controls="test-uuid" class="ant-select-selection ant-select-selection--single">
          <div class="ant-select-selection__rendered">
            <div unselectable="on" class="ant-select-selection__placeholder" style="display: block; user-select: none;">自定义布局</div>
          </div><span unselectable="on" class="ant-select-arrow" style="user-select: none;"><i aria-label="icon: down" class="anticon anticon-down ant-select-arrow-icon"><svg viewBox="64 64 896 896" data-icon="down" width="1em" height="1em" fill="currentColor" aria-hidden="true" focusable="false" class=""><path d="M884 256h-75c-5.1 0-9.9 2.5-12.9 6.6L512 654.2 227.9 262.6c-3-4.1-7.8-6.6-12.9-6.6h-75c-6.5 0-10.3 7.4-6.5 12.7l352.6 486.1c12.8 17.6 39 17.6 51.7 0l352.6-486.1c3.9-5.3.1-12.7-6.4-12.7z"></path></svg></i></span>
        </div>
      </div>
    </div>
    <div class="margin-top"><span class="margin-right-s label">
                分组
            </span> <button type="button" role="switch" class="ant-switch"><span class="ant-switch-inner"><i aria-label="icon: close" class="anticon anticon-close"><svg viewBox="64 64 896 896" data-icon="close" width="1em" height="1em" fill="currentColor" aria-hidden="true" focusable="false" class=""><path d="M563.8 512l262.5-312.9c4.4-5.2.7-13.1-6.1-13.1h-79.8c-4.7 0-9.2 2.1-12.3 5.7L511.6 449.8 295.1 191.7c-3-3.6-7.5-5.7-12.3-5.7H203c-6.8 0-10.5 7.9-6.1 13.1L459.4 512 196.9 824.9A7.95 7.95 0 0 0 203 838h79.8c4.7 0 9.2-2.1 12.3-5.7l216.5-258.1 216.5 258.1c3 3.6 7.5 5.7 12.3 5.7h79.8c6.8 0 10.5-7.9 6.1-13.1L563.8 512z"></path></svg></i></span></button></div>
  </div>
</div>
`;
